******************************************************************************
                  TI ARM Linker PC v20.2.7                     
******************************************************************************
>> Linked Tue Nov 21 12:42:13 2023

OUTPUT FILE NAME:   <tested.out>
ENTRY POINT SYMBOL: "_c_int00"  address: 00003e41


MEMORY CONFIGURATION

         name            origin    length      used     unused   attr    fill
----------------------  --------  ---------  --------  --------  ----  --------
  FLASH                 00000000   00040000  00007c7a  00038386  R  X
  SRAM                  20000000   00008000  00001ba2  0000645e  RW X


SEGMENT ALLOCATION MAP

run origin  load origin   length   init length attrs members
----------  ----------- ---------- ----------- ----- -------
00000000    00000000    00007c80   00007c80    r-x
  00000000    00000000    0000003c   0000003c    r-- .resetVecs
  00000040    00000040    00005af2   00005af2    r-x .text
  00005b34    00005b34    00001ed4   00001ed4    r-- .const
  00007a08    00007a08    00000278   00000278    r-- .cinit
20000000    20000000    00001ba8   00000000    rw-
  20000000    20000000    00000360   00000000    rw- .vecs
  20000360    20000360    00000f70   00000000    rw- .bss
  200012d0    200012d0    000005d2   00000000    rw- .data
  200018a8    200018a8    00000300   00000000    rw- .stack


SECTION ALLOCATION MAP

 output                                  attributes/
section   page    origin      length       input sections
--------  ----  ----------  ----------   ----------------
.text      0    00000040    00005af2     
                  00000040    00000430     sysbios.aem4f : BIOS.obj (.text:ti_sysbios_family_arm_m3_Hwi_excDumpRegs__I)
                  00000470    0000034c     ti.targets.arm.rtsarm.aem4f : System.oem4f (.text:xdc_runtime_System_doPrint__I)
                  000007bc    0000030c     uartstdio.obj (.text:UARTvprintf)
                  00000ac8    000002b0     empty_min.obj (.text:Timer1A_ISR)
                  00000d78    00000278     empty_min.obj (.text:main)
                  00000ff0    00000274     empty_min.obj (.text:PID_Task_Function)
                  00001264    00000004     driverlib.lib : timer.obj (.text:TimerIntClear)
                  00001268    000001f4     sysbios.aem4f : BIOS.obj (.text:ti_sysbios_family_arm_m3_Hwi_excHandlerMax__I)
                  0000145c    000001b6     rtsv7M4_T_le_v4SPD16_eabi.lib : fd_add_t2.asm.obj (.text)
                  00001612    00000006     driverlib.lib : gpio.obj (.text:GPIOPinRead)
                  00001618    00000174     sysbios.aem4f : BIOS.obj (.text:ti_sysbios_family_arm_m3_Hwi_excBusFault__I)
                  0000178c    00000004     driverlib.lib : uart.obj (.text:UARTIntClear)
                  00001790    00000164     sysbios.aem4f : BIOS.obj (.text:ti_sysbios_family_arm_m3_Hwi_excUsageFault__I)
                  000018f4    00000154     empty_min.obj (.text:UART1_ISR)
                  00001a48    00000154     sysbios.aem4f : BIOS.obj (.text:ti_sysbios_knl_Semaphore_pend__E)
                  00001b9c    00000004     rtsv7M4_T_le_v4SPD16_eabi.lib : exit.c.obj (.text:abort:abort)
                  00001ba0    00000148     sysbios.aem4f : BIOS.obj (.text:ti_sysbios_family_arm_m3_Hwi_excMemFault__I)
                  00001ce8    00000130     driverlib.lib : gpio.obj (.text:GPIOPadConfigSet)
                  00001e18    00000118     ti.targets.arm.rtsarm.aem4f : Error.oem4f (.text:xdc_runtime_Error_policyDefault__E)
                  00001f30    0000010c     empty_min.obj (.text:PWM_Init)
                  0000203c    0000010c     driverlib.lib : sysctl.obj (.text:SysCtlClockGet)
                  00002148    00000108     empty_min.obj (.text:Pong_Task_Function)
                  00002250    00000108     sysbios.aem4f : BIOS.obj (.text:ti_sysbios_family_arm_lm4_Timer_start__E)
                  00002358    00000100     Boot.aem4f : Boot_sysctl.oem4f (.text:ti_catalog_arm_cortexm4_tiva_ce_Boot_sysCtlClockSetI__I)
                  00002458    00000100     ti.targets.arm.rtsarm.aem4f : Core-mem.oem4f (.text:xdc_runtime_Core_createObject__I)
                  00002558    000000fc     rtsv7M4_T_le_v4SPD16_eabi.lib : fd_mul_t2.asm.obj (.text)
                  00002654    000000f8     ti.targets.arm.rtsarm.aem4f : Startup.oem4f (.text:xdc_runtime_Startup_startMods__I)
                  0000274c    000000f8     empty_min_pem4f.oem4f (.text:xdc_runtime_System_printfExtend__I)
                  00002844    000000f4     sysbios.aem4f : m3_Hwi_asm.obj (.text:ti_sysbios_family_arm_m3_Hwi_dispatch__I)
                  00002938    000000f0     driverlib.lib : sysctl.obj (.text:SysCtlClockSet)
                  00002a28    000000d4     sysbios.aem4f : BIOS.obj (.text:ti_sysbios_heaps_HeapMem_alloc__E)
                  00002afc    000000cc     ti.targets.arm.rtsarm.aem4f : Core-smem.oem4f (.text:xdc_runtime_Core_constructObject__I)
                  00002bc8    000000bc     sysbios.aem4f : BIOS.obj (.text:ti_sysbios_family_arm_m3_Hwi_excDebugMon__I)
                  00002c84    00000004     empty_min_pem4f.oem4f (.text:ti_sysbios_BIOS_RtsGateProxy_enter__E)
                  00002c88    000000bc     sysbios.aem4f : BIOS.obj (.text:ti_sysbios_family_arm_m3_Hwi_excHardFault__I)
                  00002d44    00000004     empty_min_pem4f.oem4f (.text:ti_sysbios_BIOS_RtsGateProxy_leave__E)
                  00002d48    000000ac     sysbios.aem4f : BIOS.obj (.text:ti_sysbios_family_arm_lm4_Timer_enableTiva__I)
                  00002df4    000000a0     auto_init.aem4f : auto_init.oem4f (.text)
                  00002e94    000000a0     ti.targets.arm.rtsarm.aem4f : Text.oem4f (.text:xdc_runtime_Text_putMod__E)
                  00002f34    0000009c     rtsv7M4_T_le_v4SPD16_eabi.lib : memcpy_t2.asm.obj (.text)
                  00002fd0    0000009a     ti.targets.arm.rtsarm.aem4f : Text.oem4f (.text:xdc_runtime_Text_putSite__E)
                  0000306a    00000002     rtsv7M4_T_le_v4SPD16_eabi.lib : _lock.c.obj (.text:_nop)
                  0000306c    00000098     Boot.aem4f : Boot.oem4f (.text:ti_catalog_arm_cortexm4_tiva_ce_Boot_sysCtlClockSet__E)
                  00003104    00000004     sysbios.aem4f : BIOS.obj (.text:ti_sysbios_family_arm_lm4_Timer_masterEnable__I)
                  00003108    00000094                   : BIOS.obj (.text:ti_sysbios_family_arm_m3_Hwi_initNVIC__E)
                  0000319c    00000004     empty_min_pem4f.oem4f (.text:ti_sysbios_family_arm_m3_TaskSupport_Module__startupDone__S)
                  000031a0    00000094     sysbios.aem4f : BIOS.obj (.text:ti_sysbios_knl_Task_postInit__I)
                  00003234    0000008c                   : m3_TaskSupport_asm.obj (.text:ti_sysbios_family_arm_m3_TaskSupport_buildTaskStack)
                  000032c0    00000086     rtsv7M4_T_le_v4SPD16_eabi.lib : fd_cmp_t2.asm.obj (.text:__aeabi_cdcmple)
                  00003346    00000086                                   : fd_cmp_t2.asm.obj (.text:__aeabi_cdrcmple)
                  000033cc    00000004     empty_min_pem4f.oem4f (.text:ti_sysbios_heaps_HeapMem_Module_GateProxy_enter__E)
                  000033d0    00000084     sysbios.aem4f : BIOS.obj (.text:ti_sysbios_family_arm_m3_Hwi_postInit__I)
                  00003454    00000004     empty_min_pem4f.oem4f (.text:ti_sysbios_heaps_HeapMem_Module_GateProxy_leave__E)
                  00003458    0000007c     sysbios.aem4f : BIOS.obj (.text:ti_sysbios_heaps_HeapMem_free__E)
                  000034d4    0000007a     driverlib.lib : adc.obj (.text:ADCSequenceStepConfigure)
                  0000354e    0000007a     rtsv7M4_T_le_v4SPD16_eabi.lib : memset_t2.asm.obj (.text)
                  000035c8    00000070     sysbios.aem4f : BIOS.obj (.text:ti_sysbios_knl_Clock_workFunc__E)
                  00003638    00000070                   : BIOS.obj (.text:ti_sysbios_knl_Task_exit__E)
                  000036a8    0000006e     rtsv7M4_T_le_v4SPD16_eabi.lib : fd_tos_t2.asm.obj (.text)
                  00003716    00000002                                   : div0.asm.obj (.text)
                  00003718    0000006d     ti.targets.arm.rtsarm.aem4f : System.oem4f (.text:xdc_runtime_System_formatNum__I)
                  00003785    00000001     --HOLE-- [fill = 0]
                  00003786    00000002     empty_min_pem4f.oem4f (.text:ti_sysbios_BIOS_nullFunc__I)
                  00003788    0000006c     sysbios.aem4f : BIOS.obj (.text:ti_sysbios_knl_Swi_restoreHwi__E)
                  000037f4    0000006c     ti.targets.arm.rtsarm.aem4f : Error.oem4f (.text:xdc_runtime_Error_print__E)
                  00003860    0000006c                                 : Memory.oem4f (.text:xdc_runtime_Memory_alloc__E)
                  000038cc    00000068     empty_min.obj (.text:ADC_Init)
                  00003934    00000068     driverlib.lib : interrupt.obj (.text:IntEnable)
                  0000399c    00000068     rtsv7M4_T_le_v4SPD16_eabi.lib : copy_decompress_lzss.c.obj (.text:decompress:lzss:__TI_decompress_lzss)
                  00003a04    00000066     ti.targets.arm.rtsarm.aem4f : Core-mem.oem4f (.text:xdc_runtime_Core_deleteObject__I)
                  00003a6a    00000002     empty_min_pem4f.oem4f (.text:xdc_runtime_Startup_reset__I)
                  00003a6c    00000064     empty_min.obj (.text:Ping_Task_Function)
                  00003ad0    00000064     sysbios.aem4f : BIOS.obj (.text:ti_sysbios_family_arm_lm4_Timer_Module_startup__E)
                  00003b34    00000004     empty_min_pem4f.oem4f (.text:ti_sysbios_knl_Clock_TimerProxy_getMaxTicks__E)
                  00003b38    00000064     sysbios.aem4f : BIOS.obj (.text:ti_sysbios_family_arm_m3_Hwi_dispatchC__I)
                  00003b9c    00000004     empty_min_pem4f.oem4f (.text:ti_sysbios_knl_Queue_destruct)
                  00003ba0    00000064     sysbios.aem4f : BIOS.obj (.text:ti_sysbios_knl_Semaphore_post__E)
                  00003c04    00000060     driverlib.lib : timer.obj (.text:TimerConfigure)
                  00003c64    00000004     empty_min_pem4f.oem4f (.text:ti_sysbios_knl_Semaphore_destruct)
                  00003c68    0000005c     sysbios.aem4f : BIOS.obj (.text:ti_sysbios_knl_Swi_run__I)
                  00003cc4    00000004     ti.targets.arm.rtsarm.aem4f : Error.oem4f (.text:xdc_runtime_Error_getSite__E)
                  00003cc8    0000005c     sysbios.aem4f : BIOS.obj (.text:ti_sysbios_knl_Swi_schedule__I)
                  00003d24    00000004     empty_min_pem4f.oem4f (.text:xdc_runtime_System_Module_GateProxy_enter__E)
                  00003d28    0000005c     sysbios.aem4f : BIOS.obj (.text:ti_sysbios_knl_Task_Module_startup__E)
                  00003d84    00000004     empty_min_pem4f.oem4f (.text:xdc_runtime_System_Module_GateProxy_leave__E)
                  00003d88    0000005c     sysbios.aem4f : BIOS.obj (.text:ti_sysbios_knl_Task_startCore__E)
                  00003de4    0000005b     ti.targets.arm.rtsarm.aem4f : Text.oem4f (.text:xdc_runtime_Text_putLab__E)
                  00003e3f    00000001     --HOLE-- [fill = 0]
                  00003e40    00000058     boot.aem4f : boot.oem4f (.text)
                  00003e98    00000058     rtsv7M4_T_le_v4SPD16_eabi.lib : hostwrite.c.obj (.text:HOSTwrite)
                  00003ef0    00000058     sysbios.aem4f : m3_Hwi_asm_switch.obj (.text:ti_sysbios_family_arm_m3_Hwi_initStacks__E)
                  00003f48    00000054     uartstdio.obj (.text:UARTStdioConfig)
                  00003f9c    00000004     ti.targets.arm.rtsarm.aem4f : System.oem4f (.text:xdc_runtime_System_aprintf_va__F)
                  00003fa0    00000054     sysbios.aem4f : BIOS.obj (.text:ti_sysbios_family_arm_lm4_Timer_initDevice__I)
                  00003ff4    00000054     ti.targets.arm.rtsarm.aem4f : Assert.oem4f (.text:xdc_runtime_Assert_raise__I)
                  00004048    00000050     sysbios.aem4f : BIOS.obj (.text:ti_sysbios_family_arm_m3_Hwi_Module_startup__E)
                  00004098    00000050     ti.targets.arm.rtsarm.aem4f : Startup.oem4f (.text:xdc_runtime_Startup_exec__E)
                  000040e8    00000050                                 : Text.oem4f (.text:xdc_runtime_Text_visitRope2__I)
                  00004138    0000004c     uartstdio.obj (.text:UARTwrite)
                  00004184    0000004c     rtsv7M4_T_le_v4SPD16_eabi.lib : cpy_tbl.c.obj (.text:copy_in)
                  000041d0    0000004c     sysbios.aem4f : BIOS.obj (.text:ti_sysbios_heaps_HeapMem_getStats__E)
                  0000421c    00000004     ti.targets.arm.rtsarm.aem4f : System.oem4f (.text:xdc_runtime_System_printf_va__F)
                  00004220    0000004c     sysbios.aem4f : BIOS.obj (.text:ti_sysbios_knl_Swi_runLoop__I)
                  0000426c    00000004     --HOLE-- [fill = 0]
                  00004270    0000004c                   : BIOS.obj (.text:ti_sysbios_knl_Task_allBlockedFunction__I)
                  000042bc    00000004     --HOLE-- [fill = 0]
                  000042c0    0000004c                   : BIOS.obj (.text:ti_sysbios_knl_Task_schedule__I)
                  0000430c    00000048     driverlib.lib : gpio.obj (.text:GPIOPinConfigure)
                  00004354    00000004     --HOLE-- [fill = 0]
                  00004358    00000048     sysbios.aem4f : BIOS.obj (.text:ti_sysbios_family_arm_lm4_Timer_enableTimers__I)
                  000043a0    00000048                   : BIOS.obj (.text:ti_sysbios_family_arm_m3_Hwi_disableInterrupt__E)
                  000043e8    00000048                   : BIOS.obj (.text:ti_sysbios_family_arm_m3_Hwi_enableInterrupt__E)
                  00004430    00000048                   : BIOS.obj (.text:ti_sysbios_family_arm_m3_Hwi_excReserved__I)
                  00004478    00000046     ti.targets.arm.rtsarm.aem4f : Core-params.oem4f (.text:xdc_runtime_Core_assignParams__I)
                  000044be    00000044     rtsv7M4_T_le_v4SPD16_eabi.lib : fd_tou_t2.asm.obj (.text)
                  00004502    00000006     driverlib.lib : gpio.obj (.text:GPIOPinWrite)
                  00004508    00000044     sysbios.aem4f : BIOS.obj (.text:ti_sysbios_family_arm_lm4_Timer_isrStub__E)
                  0000454c    00000004     --HOLE-- [fill = 0]
                  00004550    00000044                   : BIOS.obj (.text:ti_sysbios_family_arm_m3_Hwi_getStackInfo__E)
                  00004594    00000004     --HOLE-- [fill = 0]
                  00004598    00000044                   : BIOS.obj (.text:ti_sysbios_knl_Swi_post__E)
                  000045dc    00000044     ti.targets.arm.rtsarm.aem4f : Error.oem4f (.text:xdc_runtime_Error_setX__E)
                  00004620    00000044                                 : SysMin.oem4f (.text:xdc_runtime_SysMin_flush__E)
                  00004664    00000044                                 : Text.oem4f (.text:xdc_runtime_Text_xprintf__I)
                  000046a8    00000042     driverlib.lib : uart.obj (.text:UARTConfigSetExpClk)
                  000046ea    00000040     rtsv7M4_T_le_v4SPD16_eabi.lib : u_divt2.asm.obj (.text)
                  0000472a    00000006     driverlib.lib : sysctl.obj (.text:SysCtlDelay)
                  00004730    00000040     sysbios.aem4f : BIOS.obj (.text:ti_sysbios_family_arm_lm4_Timer_startup__E)
                  00004770    00000040                   : BIOS.obj (.text:ti_sysbios_heaps_HeapMem_Instance_init__E)
                  000047b0    0000003e     driverlib.lib : adc.obj (.text:ADCSequenceConfigure)
                  000047ee    00000002     --HOLE-- [fill = 0]
                  000047f0    0000003c     sysbios.aem4f : BIOS.obj (.text:ti_sysbios_family_arm_m3_Hwi_excSvCall__I)
                  0000482c    00000004     --HOLE-- [fill = 0]
                  00004830    0000003c                   : BIOS.obj (.text:ti_sysbios_heaps_HeapMem_init__I)
                  0000486c    00000004     --HOLE-- [fill = 0]
                  00004870    0000003c                   : BIOS.obj (.text:ti_sysbios_knl_Swi_restore__E)
                  000048ac    00000038     empty_min.obj (.text:ADC_Read)
                  000048e4    00000038     driverlib.lib : sysctl.obj (.text:SysCtlPeripheralPresent)
                  0000491c    00000038                   : sysctl.obj (.text:SysCtlPeripheralReady)
                  00004954    00000038     empty_min.obj (.text:WTimer1B_ISR)
                  0000498c    00000038     rtsv7M4_T_le_v4SPD16_eabi.lib : trgmsg.c.obj (.text:__TI_writemsg)
                  000049c4    00000038                                   : fs_tod_t2.asm.obj (.text)
                  000049fc    00000004     --HOLE-- [fill = 0]
                  00004a00    00000038     sysbios.aem4f : BIOS.obj (.text:ti_sysbios_family_arm_m3_Hwi_excNoIsr__I)
                  00004a38    00000038                   : BIOS.obj (.text:ti_sysbios_knl_Task_processVitalTaskFlag__I)
                  00004a70    00000038     ti.targets.arm.rtsarm.aem4f : SysMin.oem4f (.text:xdc_runtime_SysMin_putch__E)
                  00004aa8    00000038                                 : System.oem4f (.text:xdc_runtime_System_atexit__E)
                  00004ae0    00000036     rtsv7M4_T_le_v4SPD16_eabi.lib : ull_tofs_t2.asm.obj (.text)
                  00004b16    00000002     --HOLE-- [fill = 0]
                  00004b18    00000034     driverlib.lib : sysctl.obj (.text:SysCtlPeripheralEnable)
                  00004b4c    00000034     rtsv7M4_T_le_v4SPD16_eabi.lib : trgmsg.c.obj (.text:__TI_readmsg)
                  00004b80    00000034     sysbios.aem4f : BIOS.obj (.text:ti_sysbios_family_arm_m3_Hwi_excNmi__I)
                  00004bb4    00000034     ti.targets.arm.rtsarm.aem4f : Core-label.oem4f (.text:xdc_runtime_Core_assignLabel__I)
                  00004be8    00000033                                 : Text.oem4f (.text:xdc_runtime_Text_printVisFxn__I)
                  00004c1b    00000005     --HOLE-- [fill = 0]
                  00004c20    00000032     sysbios.aem4f : BIOS.obj (.text:ti_sysbios_hal_Hwi_initStack)
                  00004c52    00000002     --HOLE-- [fill = 0]
                  00004c54    00000030     empty_min_pem4f.oem4f (.text:ti_sysbios_BIOS_atExitFunc__I)
                  00004c84    00000004     --HOLE-- [fill = 0]
                  00004c88    00000030     sysbios.aem4f : BIOS.obj (.text:ti_sysbios_family_arm_lm4_Timer_stop__E)
                  00004cb8    00000030                   : BIOS.obj (.text:ti_sysbios_family_arm_m3_TaskSupport_start__E)
                  00004ce8    00000030     empty_min_pem4f.oem4f (.text:ti_sysbios_gates_GateHwi_Object__create__S)
                  00004d18    00000030     empty_min_pem4f.oem4f (.text:ti_sysbios_gates_GateMutex_Object__create__S)
                  00004d48    00000030     sysbios.aem4f : BIOS.obj (.text:ti_sysbios_gates_GateMutex_enter__E)
                  00004d78    00000030     empty_min_pem4f.oem4f (.text:ti_sysbios_heaps_HeapMem_Object__create__S)
                  00004da8    00000030     empty_min_pem4f.oem4f (.text:ti_sysbios_knl_Semaphore_construct)
                  00004dd8    00000030     sysbios.aem4f : BIOS.obj (.text:ti_sysbios_knl_Semaphore_pendTimeout__I)
                  00004e08    00000030                   : BIOS.obj (.text:ti_sysbios_knl_Task_unblockI__E)
                  00004e38    00000030     ti.targets.arm.rtsarm.aem4f : SysMin.oem4f (.text:xdc_runtime_SysMin_abort__E)
                  00004e68    00000030                                 : System.oem4f (.text:xdc_runtime_System_processAtExit__E)
                  00004e98    0000002e     driverlib.lib : adc.obj (.text:ADCIntStatus)
                  00004ec6    0000002c     rtsv7M4_T_le_v4SPD16_eabi.lib : strncmp.c.obj (.text:strncmp)
                  00004ef2    00000002     --HOLE-- [fill = 0]
                  00004ef4    0000002c     empty_min_pem4f.oem4f (.text:ti_sysbios_knl_Clock_doTick__I)
                  00004f20    0000002c     empty_min_pem4f.oem4f (.text:ti_sysbios_knl_Queue_construct)
                  00004f4c    00000004     --HOLE-- [fill = 0]
                  00004f50    0000002c     sysbios.aem4f : BIOS.obj (.text:ti_sysbios_knl_Task_restore__E)
                  00004f7c    0000002c     ti.targets.arm.rtsarm.aem4f : Text.oem4f (.text:xdc_runtime_Text_cordText__E)
                  00004fa8    0000002a     driverlib.lib : gpio.obj (.text:GPIODirModeSet)
                  00004fd2    0000002a     ti.targets.arm.rtsarm.aem4f : System.oem4f (.text:xdc_runtime_System_putchar__I)
                  00004ffc    00000004     --HOLE-- [fill = 0]
                  00005000    00000028     sysbios.aem4f : BIOS.obj (.text:ti_sysbios_knl_Swi_Module_startup__E)
                  00005028    00000026                   : m3_Hwi_asm.obj (.text:ti_sysbios_family_arm_m3_Hwi_pendSV__I)
                  0000504e    00000026     ti.targets.arm.rtsarm.aem4f : System.oem4f (.text:xdc_runtime_System_avprintf__E)
                  00005074    00000024     uartstdio.obj (.text:UARTprintf)
                  00005098    00000024     empty_min_pem4f.oem4f (.text:ti_sysbios_BIOS_errorRaiseHook__I)
                  000050bc    00000024     empty_min_pem4f.oem4f (.text:ti_sysbios_BIOS_registerRTSLock__I)
                  000050e0    00000024     empty_min_pem4f.oem4f (.text:ti_sysbios_BIOS_removeRTSLock__I)
                  00005104    00000024     empty_min_pem4f.oem4f (.text:ti_sysbios_BIOS_startFunc__I)
                  00005128    00000024     empty_min_pem4f.oem4f (.text:ti_sysbios_gates_GateMutex_Object__delete__S)
                  0000514c    00000004     --HOLE-- [fill = 0]
                  00005150    00000024     sysbios.aem4f : BIOS.obj (.text:ti_sysbios_knl_Clock_Module_startup__E)
                  00005174    00000004     --HOLE-- [fill = 0]
                  00005178    00000024                   : BIOS.obj (.text:ti_sysbios_knl_Semaphore_Instance_init__E)
                  0000519c    00000004     --HOLE-- [fill = 0]
                  000051a0    00000024                   : BIOS.obj (.text:ti_sysbios_knl_Task_restoreHwi__E)
                  000051c4    00000024     ti.targets.arm.rtsarm.aem4f : System.oem4f (.text:xdc_runtime_System_vprintf__E)
                  000051e8    00000022     driverlib.lib : pwm.obj (.text:PWMGenConfigure)
                  0000520a    00000006                   : uart.obj (.text:UARTFIFOLevelSet)
                  00005210    00000022     sysbios.aem4f : BIOS.obj (.text:ti_sysbios_family_arm_lm4_Timer_write__I)
                  00005232    00000022     empty_min_pem4f.oem4f (.text:xdc_runtime_SysMin_output__I)
                  00005254    00000020     empty_min.obj (.text:WTimer2B_ISR)
                  00005274    00000020     empty_min.obj (.text:WTimer3B_ISR)
                  00005294    00000020     empty_min_pem4f.oem4f (.text:ti_sysbios_BIOS_rtsLock__I)
                  000052b4    00000020     sysbios.aem4f : m3_Hwi_asm.obj (.text:ti_sysbios_family_arm_m3_Hwi_excHandlerAsm__I)
                  000052d4    00000004     --HOLE-- [fill = 0]
                  000052d8    00000020                   : BIOS.obj (.text:ti_sysbios_family_arm_m3_Hwi_excHandler__I)
                  000052f8    00000020     empty_min_pem4f.oem4f (.text:ti_sysbios_gates_GateHwi_Object__delete__S)
                  00005318    00000020     empty_min_pem4f.oem4f (.text:ti_sysbios_heaps_HeapMem_Object__delete__S)
                  00005338    00000020     sysbios.aem4f : BIOS.obj (.text:ti_sysbios_knl_Idle_run__E)
                  00005358    00000020     empty_min_pem4f.oem4f (.text:ti_sysbios_knl_Semaphore_Object__destruct__S)
                  00005378    00000020     ti.targets.arm.rtsarm.aem4f : Registry.oem4f (.text:xdc_runtime_Registry_findById__E)
                  00005398    00000020                                 : SysMin.oem4f (.text:xdc_runtime_SysMin_Module_startup__E)
                  000053b8    0000001e     driverlib.lib : adc.obj (.text:ADCSequenceDataGet)
                  000053d6    0000001e                   : pwm.obj (.text:PWMPulseWidthSet)
                  000053f4    0000001e     sysbios.aem4f : m3_Hwi_asm_switch.obj (.text:ti_sysbios_family_xxx_Hwi_switchAndRunFunc)
                  00005412    00000002     --HOLE-- [fill = 0]
                  00005414    0000001c     empty_min.obj (.text:Timer2A_ISR)
                  00005430    0000001c     empty_min.obj (.text:Timer3A_ISR)
                  0000544c    0000001c     driverlib.lib : uart.obj (.text:UARTDisable)
                  00005468    0000001c     sysbios.aem4f : BIOS.obj (.text:ti_sysbios_gates_GateMutex_Instance_init__E)
                  00005484    0000001c     empty_min_pem4f.oem4f (.text:ti_sysbios_knl_Queue_Object__destruct__S)
                  000054a0    0000001c     sysbios.aem4f : BIOS.obj (.text:ti_sysbios_knl_Queue_put__E)
                  000054bc    00000004     --HOLE-- [fill = 0]
                  000054c0    0000001c                   : BIOS.obj (.text:ti_sysbios_knl_Task_enter__I)
                  000054dc    0000001c     ti.targets.arm.rtsarm.aem4f : Error.oem4f (.text:xdc_runtime_Error_raiseX__E)
                  000054f8    0000001c                                 : Memory.oem4f (.text:xdc_runtime_Memory_valloc__E)
                  00005514    0000001c                                 : SysMin.oem4f (.text:xdc_runtime_SysMin_exit__E)
                  00005530    0000001c                                 : System.oem4f (.text:xdc_runtime_System_abort__E)
                  0000554c    0000001a     empty_min_pem4f.oem4f (.text:ti_sysbios_family_arm_m3_Hwi_Handle__label__S)
                  00005566    0000001a     empty_min_pem4f.oem4f (.text:ti_sysbios_gates_GateHwi_Handle__label__S)
                  00005580    0000001a     empty_min_pem4f.oem4f (.text:ti_sysbios_gates_GateMutex_Handle__label__S)
                  0000559a    0000001a     empty_min_pem4f.oem4f (.text:ti_sysbios_heaps_HeapMem_Handle__label__S)
                  000055b4    0000001a     empty_min_pem4f.oem4f (.text:ti_sysbios_knl_Swi_Handle__label__S)
                  000055ce    0000001a     empty_min_pem4f.oem4f (.text:ti_sysbios_knl_Task_Handle__label__S)
                  000055e8    0000001a     empty_min_pem4f.oem4f (.text:xdc_runtime_System_aprintf__E)
                  00005602    0000001a     empty_min_pem4f.oem4f (.text:xdc_runtime_System_printf__E)
                  0000561c    00000018     driverlib.lib : adc.obj (.text:ADCProcessorTrigger)
                  00005634    00000018                   : gpio.obj (.text:GPIOPinTypeGPIOOutput)
                  0000564c    00000018     rtsv7M4_T_le_v4SPD16_eabi.lib : args_main.c.obj (.text:_args_main)
                  00005664    00000018     empty_min_pem4f.oem4f (.text:ti_sysbios_BIOS_rtsUnlock__I)
                  0000567c    00000018     empty_min_pem4f.oem4f (.text:ti_sysbios_family_arm_lm4_Timer_Module__startupDone__F)
                  00005694    00000018     empty_min_pem4f.oem4f (.text:ti_sysbios_family_arm_m3_Hwi_Module__startupDone__F)
                  000056ac    00000018     sysbios.aem4f : m3_TaskSupport_asm.obj (.text:ti_sysbios_family_arm_m3_TaskSupport_swap__E)
                  000056c4    00000004     --HOLE-- [fill = 0]
                  000056c8    00000018                   : BIOS.obj (.text:ti_sysbios_gates_GateMutex_leave__E)
                  000056e0    00000018     ti.targets.arm.rtsarm.aem4f : Error.oem4f (.text:xdc_runtime_Error_check__E)
                  000056f8    00000018                                 : System.oem4f (.text:xdc_runtime_System_exit__E)
                  00005710    00000018                                 : Text.oem4f (.text:xdc_runtime_Text_ropeText__E)
                  00005728    00000016     driverlib.lib : timer.obj (.text:TimerValueGet64)
                  0000573e    00000016     empty_min_pem4f.oem4f (.text:ti_sysbios_BIOS_exitFunc__I)
                  00005754    00000014     driverlib.lib : sysctl.obj (.text:SysCtlPWMClockSet)
                  00005768    00000014                   : timer.obj (.text:TimerDisable)
                  0000577c    00000014                   : uart.obj (.text:UARTEnable)
                  00005790    00000014     rtsv7M4_T_le_v4SPD16_eabi.lib : strlen.c.obj (.text:strlen)
                  000057a4    00000014     empty_min_pem4f.oem4f (.text:ti_sysbios_family_arm_m3_Hwi_Object__get__S)
                  000057b8    00000014     sysbios.aem4f : BIOS.obj (.text:ti_sysbios_family_arm_m3_Hwi_switchFromBootStack__E)
                  000057cc    00000014     empty_min_pem4f.oem4f (.text:ti_sysbios_heaps_HeapMem_Object__get__S)
                  000057e0    00000014     empty_min_pem4f.oem4f (.text:ti_sysbios_knl_Swi_Object__get__S)
                  000057f4    00000012     driverlib.lib : gpio.obj (.text:GPIOPinTypeADC)
                  00005806    00000012                   : gpio.obj (.text:GPIOPinTypeGPIOInput)
                  00005818    00000012                   : gpio.obj (.text:GPIOPinTypePWM)
                  0000582a    00000012                   : gpio.obj (.text:GPIOPinTypeUART)
                  0000583c    00000012                   : pwm.obj (.text:PWMOutputState)
                  0000584e    00000012                   : timer.obj (.text:TimerLoadSet)
                  00005860    00000012                   : timer.obj (.text:TimerPrescaleSet)
                  00005872    00000006     Boot.aem4f : Boot_sysctl.oem4f (.text:ti_catalog_arm_cortexm4_tiva_ce_Boot_sysCtlDelayI__I)
                  00005878    00000012     sysbios.aem4f : BIOS.obj (.text:ti_sysbios_hal_Hwi_Module_startup__E)
                  0000588a    00000012     empty_min_pem4f.oem4f (.text:xdc_runtime_Startup_exec__I)
                  0000589c    00000010     driverlib.lib : interrupt.obj (.text:IntMasterEnable)
                  000058ac    00000010                   : pwm.obj (.text:PWMGenPeriodSet)
                  000058bc    00000004     --HOLE-- [fill = 0]
                  000058c0    00000010     sysbios.aem4f : BIOS.obj (.text:ti_sysbios_BIOS_setThreadType__E)
                  000058d0    00000010                   : BIOS.obj (.text:ti_sysbios_BIOS_start__E)
                  000058e0    00000010                   : m3_TaskSupport_asm.obj (.text:ti_sysbios_family_arm_m3_TaskSupport_glue)
                  000058f0    00000010                   : BIOS.obj (.text:ti_sysbios_gates_GateMutex_Instance_finalize__E)
                  00005900    00000010                   : BIOS.obj (.text:ti_sysbios_knl_Semaphore_Instance_finalize__E)
                  00005910    00000010                   : BIOS.obj (.text:ti_sysbios_knl_Swi_disable__E)
                  00005920    00000010     empty_min_pem4f.oem4f (.text:ti_sysbios_knl_Task_Object__get__S)
                  00005930    00000010     sysbios.aem4f : BIOS.obj (.text:ti_sysbios_knl_Task_disable__E)
                  00005940    00000010     ti.targets.arm.rtsarm.aem4f : Gate.oem4f (.text:xdc_runtime_Gate_leaveSystem__E)
                  00005950    00000010                                 : Memory.oem4f (.text:xdc_runtime_Memory_free__E)
                  00005960    00000010                                 : SysMin.oem4f (.text:xdc_runtime_SysMin_ready__E)
                  00005970    00000010                                 : System.oem4f (.text:xdc_runtime_System_vsnprintf__E)
                  00005980    00000010     empty_min_pem4f.oem4f (.text:xdc_runtime_Text_visitRope__I)
                  00005990    0000000e     driverlib.lib : adc.obj (.text:ADCSequenceEnable)
                  0000599e    0000000e                   : timer.obj (.text:TimerEnable)
                  000059ac    0000000e     rtsv7M4_T_le_v4SPD16_eabi.lib : copy_decompress_none.c.obj (.text:decompress:none:__TI_decompress_none)
                  000059ba    00000006     ti.targets.arm.rtsarm.aem4f : System.oem4f (.text:xdc_runtime_System_Module_startup__E)
                  000059c0    0000000e     sysbios.aem4f : BIOS.obj (.text:ti_sysbios_knl_Queue_empty__E)
                  000059ce    00000002     --HOLE-- [fill = 0]
                  000059d0    0000000c     empty_min_pem4f.oem4f (.text:.bootCodeSection:ti_catalog_arm_cortexm4_tiva_ce_Boot_init__I)
                  000059dc    0000000c     driverlib.lib : cpu.obj (.text:CPUcpsie)
                  000059e8    0000000c                   : pwm.obj (.text:PWMGenEnable)
                  000059f4    0000000c     rtsv7M4_T_le_v4SPD16_eabi.lib : _lock.c.obj (.text:_register_lock)
                  00005a00    0000000c                                   : _lock.c.obj (.text:_register_unlock)
                  00005a0c    0000000c                                   : copy_zero_init.c.obj (.text:decompress:ZI:__TI_zero_init)
                  00005a18    0000000c     sysbios.aem4f : BIOS.obj (.text:ti_sysbios_family_arm_lm4_Timer_getMaxTicks__E)
                  00005a24    00000004     --HOLE-- [fill = 0]
                  00005a28    0000000c                   : BIOS.obj (.text:ti_sysbios_gates_GateHwi_enter__E)
                  00005a34    0000000c     empty_min_pem4f.oem4f (.text:ti_sysbios_knl_Queue_Object__get__S)
                  00005a40    0000000c     ti.targets.arm.rtsarm.aem4f : Error.oem4f (.text:xdc_runtime_Error_init__E)
                  00005a4c    0000000c                                 : Gate.oem4f (.text:xdc_runtime_Gate_enterSystem__E)
                  00005a58    0000000c                                 : Memory.oem4f (.text:xdc_runtime_Memory_calloc__E)
                  00005a64    0000000c                                 : Memory.oem4f (.text:xdc_runtime_Memory_getMaxDefaultTypeAlign__E)
                  00005a70    0000000a     driverlib.lib : adc.obj (.text:ADCIntClear)
                  00005a7a    0000000a                   : uart.obj (.text:UARTCharGet)
                  00005a84    0000000a                   : uart.obj (.text:UARTCharPut)
                  00005a8e    0000000a                   : uart.obj (.text:UARTFIFOEnable)
                  00005a98    0000000a                   : uart.obj (.text:UARTIntStatus)
                  00005aa2    0000000a     empty_min_pem4f.oem4f (.text:xdc_runtime_IHeap_alloc)
                  00005aac    0000000a     empty_min_pem4f.oem4f (.text:xdc_runtime_IHeap_free)
                  00005ab6    00000008     driverlib.lib : timer.obj (.text:TimerIntEnable)
                  00005abe    00000008                   : timer.obj (.text:TimerLoadSet64)
                  00005ac6    00000008                   : uart.obj (.text:UARTIntEnable)
                  00005ace    00000008     sysbios.aem4f : BIOS.obj (.text:ti_sysbios_family_arm_lm4_Timer_masterDisable__I)
                  00005ad6    00000002     --HOLE-- [fill = 0]
                  00005ad8    00000008                   : BIOS.obj (.text:ti_sysbios_family_arm_m3_Hwi_doSwiRestore__I)
                  00005ae0    00000008                   : BIOS.obj (.text:ti_sysbios_family_arm_m3_Hwi_startup__E)
                  00005ae8    00000006                   : BIOS.obj (.text:ti_sysbios_family_arm_m3_Hwi_doTaskRestore__I)
                  00005aee    00000002     --HOLE-- [fill = 0]
                  00005af0    00000006                   : BIOS.obj (.text:ti_sysbios_gates_GateHwi_leave__E)
                  00005af6    00000002     --HOLE-- [fill = 0]
                  00005af8    00000006                   : BIOS.obj (.text:ti_sysbios_heaps_HeapMem_isBlocking__E)
                  00005afe    00000002     --HOLE-- [fill = 0]
                  00005b00    00000006                   : BIOS.obj (.text:ti_sysbios_knl_Queue_Instance_init__E)
                  00005b06    00000002     --HOLE-- [fill = 0]
                  00005b08    00000006                   : BIOS.obj (.text:ti_sysbios_knl_Swi_startup__E)
                  00005b0e    00000002     --HOLE-- [fill = 0]
                  00005b10    00000004                   : BIOS.obj (.text:ti_sysbios_gates_GateHwi_query__E)
                  00005b14    00000004     --HOLE-- [fill = 0]
                  00005b18    00000004                   : BIOS.obj (.text:ti_sysbios_gates_GateMutex_query__E)
                  00005b1c    00000004     --HOLE-- [fill = 0]
                  00005b20    00000004                   : BIOS.obj (.text:ti_sysbios_knl_Task_startup__E)
                  00005b24    00000004     --HOLE-- [fill = 0]
                  00005b28    00000002                   : BIOS.obj (.text:ti_sysbios_gates_GateHwi_Instance_init__E)
                  00005b2a    00000006     --HOLE-- [fill = 0]
                  00005b30    00000002                   : BIOS.obj (.text:ti_sysbios_knl_Clock_logTick__E)

.const     0    00005b34    00001ed4     
                  00005b34    000018cd     empty_min_pem4f.oem4f (.const:xdc_runtime_Text_charTab__A)
                  00007401    00000001     empty_min_pem4f.oem4f (.const:xdc_runtime_Error_policy__C)
                  00007402    000000bc     empty_min_pem4f.oem4f (.const:xdc_runtime_Text_nodeTab__A)
                  000074be    00000002     empty_min_pem4f.oem4f (.const:ti_catalog_arm_cortexm4_tiva_ce_Boot_Module__id__C)
                  000074c0    00000090     driverlib.lib : gpio.obj (.const:g_pui32GPIOBaseAddrs)
                  00007550    00000070                   : interrupt.obj (.const)
                  000075c0    0000006c                   : sysctl.obj (.const:g_pui32Xtals)
                  0000762c    00000048     empty_min_pem4f.oem4f (.const:.string)
                  00007674    00000034     empty_min_pem4f.oem4f (.const)
                  000076a8    00000028     empty_min_pem4f.oem4f (.const:ti_sysbios_heaps_HeapMem_Module__FXNS__C)
                  000076d0    00000024     empty_min_pem4f.oem4f (.const:ti_sysbios_gates_GateHwi_Module__FXNS__C)
                  000076f4    00000024     empty_min_pem4f.oem4f (.const:ti_sysbios_gates_GateMutex_Module__FXNS__C)
                  00007718    00000024     empty_min_pem4f.oem4f (.const:ti_sysbios_heaps_HeapMem_Object__PARAMS__C)
                  0000773c    00000024     empty_min_pem4f.oem4f (.const:ti_sysbios_knl_Semaphore_Object__PARAMS__C)
                  00007760    00000020     empty_min_pem4f.oem4f (.const:ti_sysbios_gates_GateHwi_Object__DESC__C)
                  00007780    00000020     empty_min_pem4f.oem4f (.const:ti_sysbios_gates_GateMutex_Object__DESC__C)
                  000077a0    00000020     empty_min_pem4f.oem4f (.const:ti_sysbios_heaps_HeapMem_Object__DESC__C)
                  000077c0    00000020     empty_min_pem4f.oem4f (.const:ti_sysbios_knl_Queue_Object__DESC__C)
                  000077e0    00000020     empty_min_pem4f.oem4f (.const:ti_sysbios_knl_Semaphore_Object__DESC__C)
                  00007800    00000020     empty_min_pem4f.oem4f (.const:xdc_runtime_Startup_sfxnTab__A)
                  00007820    00000018     empty_min_pem4f.oem4f (.const:ti_sysbios_gates_GateHwi_Object__PARAMS__C)
                  00007838    00000018     empty_min_pem4f.oem4f (.const:ti_sysbios_gates_GateMutex_Object__PARAMS__C)
                  00007850    00000018     empty_min_pem4f.oem4f (.const:ti_sysbios_knl_Queue_Object__PARAMS__C)
                  00007868    00000014     empty_min_pem4f.oem4f (.const:xdc_runtime_Startup_firstFxns__A)
                  0000787c    00000012     uartstdio.obj (.const:.string)
                  0000788e    00000010     empty_min_pem4f.oem4f (.const:xdc_runtime_Startup_sfxnRts__A)
                  0000789e    00000002     empty_min_pem4f.oem4f (.const:ti_sysbios_family_arm_m3_Hwi_Module__id__C)
                  000078a0    0000000c     uartstdio.obj (.const:g_ui32UARTBase)
                  000078ac    0000000c     uartstdio.obj (.const:g_ui32UARTPeriph)
                  000078b8    00000008     empty_min_pem4f.oem4f (.const:ti_sysbios_family_arm_m3_Hwi_excHookFuncs__A)
                  000078c0    00000008     empty_min_pem4f.oem4f (.const:ti_sysbios_knl_Idle_funcList__C)
                  000078c8    00000008     empty_min_pem4f.oem4f (.const:xdc_runtime_Startup_firstFxns__C)
                  000078d0    00000008     empty_min_pem4f.oem4f (.const:xdc_runtime_Startup_lastFxns__C)
                  000078d8    00000004     empty_min_pem4f.oem4f (.const:ti_catalog_arm_cortexm4_tiva_ce_Boot_A_mustUseEnhancedClockMode__C)
                  000078dc    00000004     empty_min_pem4f.oem4f (.const:ti_catalog_arm_cortexm4_tiva_ce_Boot_Module__diagsEnabled__C)
                  000078e0    00000004     empty_min_pem4f.oem4f (.const:ti_catalog_arm_cortexm4_tiva_ce_Boot_Module__diagsIncluded__C)
                  000078e4    00000004     empty_min_pem4f.oem4f (.const:ti_catalog_arm_cortexm4_tiva_ce_Boot_Module__diagsMask__C)
                  000078e8    00000004     empty_min_pem4f.oem4f (.const:ti_sysbios_family_arm_lm4_Timer_enableFunc__C)
                  000078ec    00000004     empty_min_pem4f.oem4f (.const:ti_sysbios_family_arm_lm4_Timer_numTimerDevices__C)
                  000078f0    00000004     empty_min_pem4f.oem4f (.const:ti_sysbios_family_arm_lm4_Timer_startupNeeded__C)
                  000078f4    00000004     empty_min_pem4f.oem4f (.const:ti_sysbios_family_arm_m3_Hwi_E_NMI__C)
                  000078f8    00000004     empty_min_pem4f.oem4f (.const:ti_sysbios_family_arm_m3_Hwi_E_busFault__C)
                  000078fc    00000004     empty_min_pem4f.oem4f (.const:ti_sysbios_family_arm_m3_Hwi_E_debugMon__C)
                  00007900    00000004     empty_min_pem4f.oem4f (.const:ti_sysbios_family_arm_m3_Hwi_E_hardFault__C)
                  00007904    00000004     empty_min_pem4f.oem4f (.const:ti_sysbios_family_arm_m3_Hwi_E_memFault__C)
                  00007908    00000004     empty_min_pem4f.oem4f (.const:ti_sysbios_family_arm_m3_Hwi_E_noIsr__C)
                  0000790c    00000004     empty_min_pem4f.oem4f (.const:ti_sysbios_family_arm_m3_Hwi_E_reserved__C)
                  00007910    00000004     empty_min_pem4f.oem4f (.const:ti_sysbios_family_arm_m3_Hwi_E_svCall__C)
                  00007914    00000004     empty_min_pem4f.oem4f (.const:ti_sysbios_family_arm_m3_Hwi_E_usageFault__C)
                  00007918    00000004     empty_min_pem4f.oem4f (.const:ti_sysbios_family_arm_m3_Hwi_NUM_INTERRUPTS__C)
                  0000791c    00000004     empty_min_pem4f.oem4f (.const:ti_sysbios_family_arm_m3_Hwi_Object__count__C)
                  00007920    00000004     empty_min_pem4f.oem4f (.const:ti_sysbios_family_arm_m3_Hwi_ccr__C)
                  00007924    00000004     empty_min_pem4f.oem4f (.const:ti_sysbios_family_arm_m3_Hwi_excHandlerFunc__C)
                  00007928    00000004     empty_min_pem4f.oem4f (.const:ti_sysbios_family_arm_m3_Hwi_excHookFuncs__C)
                  0000792c    00000004     empty_min_pem4f.oem4f (.const:ti_sysbios_family_arm_m3_Hwi_nullIsrFunc__C)
                  00007930    00000004     empty_min_pem4f.oem4f (.const:ti_sysbios_family_arm_m3_Hwi_priGroup__C)
                  00007934    00000004     empty_min_pem4f.oem4f (.const:ti_sysbios_gates_GateMutex_Instance_State_sem__O)
                  00007938    00000004     empty_min_pem4f.oem4f (.const:ti_sysbios_heaps_HeapMem_E_memory__C)
                  0000793c    00000004     empty_min_pem4f.oem4f (.const:ti_sysbios_heaps_HeapMem_Module__gateObj__C)
                  00007940    00000004     empty_min_pem4f.oem4f (.const:ti_sysbios_heaps_HeapMem_Object__count__C)
                  00007944    00000004     empty_min_pem4f.oem4f (.const:ti_sysbios_heaps_HeapMem_reqAlign__C)
                  00007948    00000004     empty_min_pem4f.oem4f (.const:ti_sysbios_knl_Clock_Module_State_clockQ__O)
                  0000794c    00000004     empty_min_pem4f.oem4f (.const:ti_sysbios_knl_Semaphore_Instance_State_pendQ__O)
                  00007950    00000004     empty_min_pem4f.oem4f (.const:ti_sysbios_knl_Swi_Object__count__C)
                  00007954    00000004     empty_min_pem4f.oem4f (.const:ti_sysbios_knl_Task_Module_State_inactiveQ__O)
                  00007958    00000004     empty_min_pem4f.oem4f (.const:ti_sysbios_knl_Task_Object__count__C)
                  0000795c    00000004     empty_min_pem4f.oem4f (.const:ti_sysbios_knl_Task_allBlockedFunc__C)
                  00007960    00000004     empty_min_pem4f.oem4f (.const:ti_sysbios_knl_Task_numConstructedTasks__C)
                  00007964    00000004     uartstdio.obj (.const)
                  00007968    00000004     empty_min_pem4f.oem4f (.const:xdc_runtime_Assert_E_assertFailed__C)
                  0000796c    00000004     empty_min_pem4f.oem4f (.const:xdc_runtime_Core_A_initializedParams__C)
                  00007970    00000004     empty_min_pem4f.oem4f (.const:xdc_runtime_Core_Module__diagsEnabled__C)
                  00007974    00000004     empty_min_pem4f.oem4f (.const:xdc_runtime_Core_Module__diagsIncluded__C)
                  00007978    00000004     empty_min_pem4f.oem4f (.const:xdc_runtime_Core_Module__diagsMask__C)
                  0000797c    00000004     empty_min_pem4f.oem4f (.const:xdc_runtime_Error_E_memory__C)
                  00007980    00000004     empty_min_pem4f.oem4f (.const:xdc_runtime_Error_Module__diagsEnabled__C)
                  00007984    00000004     empty_min_pem4f.oem4f (.const:xdc_runtime_Error_Module__diagsIncluded__C)
                  00007988    00000004     empty_min_pem4f.oem4f (.const:xdc_runtime_Error_Module__diagsMask__C)
                  0000798c    00000004     empty_min_pem4f.oem4f (.const:xdc_runtime_Error_Module__loggerFxn8__C)
                  00007990    00000004     empty_min_pem4f.oem4f (.const:xdc_runtime_Error_Module__loggerObj__C)
                  00007994    00000004     empty_min_pem4f.oem4f (.const:xdc_runtime_Error_policyFxn__C)
                  00007998    00000004     empty_min_pem4f.oem4f (.const:xdc_runtime_Error_raiseHook__C)
                  0000799c    00000004     empty_min_pem4f.oem4f (.const:xdc_runtime_IGateProvider_Interface__BASE__C)
                  000079a0    00000004     empty_min_pem4f.oem4f (.const:xdc_runtime_IHeap_Interface__BASE__C)
                  000079a4    00000004     empty_min_pem4f.oem4f (.const:xdc_runtime_IModule_Interface__BASE__C)
                  000079a8    00000004     empty_min_pem4f.oem4f (.const:xdc_runtime_Log_L_error__C)
                  000079ac    00000004     empty_min_pem4f.oem4f (.const:xdc_runtime_Memory_defaultHeapInstance__C)
                  000079b0    00000004     empty_min_pem4f.oem4f (.const:xdc_runtime_Startup_execImpl__C)
                  000079b4    00000004     empty_min_pem4f.oem4f (.const:xdc_runtime_Startup_maxPasses__C)
                  000079b8    00000004     empty_min_pem4f.oem4f (.const:xdc_runtime_Startup_sfxnRts__C)
                  000079bc    00000004     empty_min_pem4f.oem4f (.const:xdc_runtime_Startup_sfxnTab__C)
                  000079c0    00000004     empty_min_pem4f.oem4f (.const:xdc_runtime_SysMin_bufSize__C)
                  000079c4    00000004     empty_min_pem4f.oem4f (.const:xdc_runtime_SysMin_outputFunc__C)
                  000079c8    00000004     empty_min_pem4f.oem4f (.const:xdc_runtime_System_Module__gateObj__C)
                  000079cc    00000004     empty_min_pem4f.oem4f (.const:xdc_runtime_System_abortFxn__C)
                  000079d0    00000004     empty_min_pem4f.oem4f (.const:xdc_runtime_System_exitFxn__C)
                  000079d4    00000004     empty_min_pem4f.oem4f (.const:xdc_runtime_System_extendFxn__C)
                  000079d8    00000004     empty_min_pem4f.oem4f (.const:xdc_runtime_System_maxAtexitHandlers__C)
                  000079dc    00000004     empty_min_pem4f.oem4f (.const:xdc_runtime_Text_charTab__C)
                  000079e0    00000004     empty_min_pem4f.oem4f (.const:xdc_runtime_Text_nameEmpty__C)
                  000079e4    00000004     empty_min_pem4f.oem4f (.const:xdc_runtime_Text_nameStatic__C)
                  000079e8    00000004     empty_min_pem4f.oem4f (.const:xdc_runtime_Text_nameUnknown__C)
                  000079ec    00000004     empty_min_pem4f.oem4f (.const:xdc_runtime_Text_nodeTab__C)
                  000079f0    00000004     empty_min_pem4f.oem4f (.const:xdc_runtime_Text_visitRopeFxn__C)
                  000079f4    00000002     empty_min_pem4f.oem4f (.const:ti_sysbios_heaps_HeapMem_Module__id__C)
                  000079f6    00000002     empty_min_pem4f.oem4f (.const:xdc_runtime_Core_Module__id__C)
                  000079f8    00000002     empty_min_pem4f.oem4f (.const:xdc_runtime_Error_Module__loggerDefined__C)
                  000079fa    00000002     empty_min_pem4f.oem4f (.const:xdc_runtime_Error_maxDepth__C)
                  000079fc    00000002     empty_min_pem4f.oem4f (.const:xdc_runtime_Memory_Module__id__C)
                  000079fe    00000002     empty_min_pem4f.oem4f (.const:xdc_runtime_SysMin_flushAtExit__C)
                  00007a00    00000002     empty_min_pem4f.oem4f (.const:xdc_runtime_Text_charCnt__C)
                  00007a02    00000002     empty_min_pem4f.oem4f (.const:xdc_runtime_Text_isLoaded__C)
                  00007a04    00000002     empty_min_pem4f.oem4f (.const:xdc_runtime_Text_registryModsLastId__C)
                  00007a06    00000002     empty_min_pem4f.oem4f (.const:xdc_runtime_Text_unnamedModsLastId__C)

.cinit     0    00007a08    00000278     
                  00007a08    00000243     (.cinit..data.load) [load image, compression = lzss]
                  00007c4b    00000001     --HOLE-- [fill = 0]
                  00007c4c    0000000c     (__TI_handler_table)
                  00007c58    00000008     (.cinit..bss.load) [load image, compression = zero_init]
                  00007c60    00000008     (.cinit..vecs.load) [load image, compression = zero_init]
                  00007c68    00000018     (__TI_cinit_table)

.init_array 
*          0    00000000    00000000     UNINITIALIZED

.resetVecs 
*          0    00000000    0000003c     
                  00000000    0000003c     empty_min_pem4f.oem4f (.resetVecs)

.bss       0    20000360    00000f70     UNINITIALIZED
                  20000360    00000600     empty_min_pem4f.oem4f (.bss:taskStackSection)
                  20000960    00000400     (.common:ti_sysbios_heaps_HeapMem_Instance_State_0_buf__A)
                  20000d60    00000360     (.common:ti_sysbios_family_arm_m3_Hwi_dispatchTable)
                  200010c0    00000120     rtsv7M4_T_le_v4SPD16_eabi.lib : trgmsg.c.obj (.bss:_CIOBUF_)
                  200011e0    00000080     (.common:xdc_runtime_SysMin_Module_State_0_outbuf__A)
                  20001260    00000028     (.common:PING)
                  20001288    00000028     (.common:PONG)
                  200012b0    00000010     (.common:ADCValues)
                  200012c0    00000008     (.common:parmbuf)
                  200012c8    00000004     (.common:currentBuffer)
                  200012cc    00000004     (.common:myCommand)

.data      0    200012d0    000005d2     UNINITIALIZED
                  200012d0    000000e4     empty_min_pem4f.oem4f (.data:ti_sysbios_knl_Task_Object__table__V)
                  200013b4    000000c0     empty_min_pem4f.oem4f (.data:ti_sysbios_family_arm_m3_Hwi_Object__table__V)
                  20001474    00000080     empty_min_pem4f.oem4f (.data:ti_sysbios_knl_Swi_Module_State_0_readyQ__A)
                  200014f4    00000080     empty_min_pem4f.oem4f (.data:ti_sysbios_knl_Task_Module_State_0_readyQ__A)
                  20001574    00000004     rtsv7M4_T_le_v4SPD16_eabi.lib : stkdepth_vars.c.obj (.data)
                  20001578    00000044     empty_min.obj (.data)
                  200015bc    00000044     empty_min_pem4f.oem4f (.data:ti_sysbios_knl_Task_Module__state__V)
                  20001600    00000040     empty_min_pem4f.oem4f (.data:ti_sysbios_family_arm_lm4_Timer_Object__table__V)
                  20001640    0000003c     empty_min_pem4f.oem4f (.data:ti_sysbios_knl_Semaphore_Object__table__V)
                  2000167c    00000038     empty_min_pem4f.oem4f (.data:ti_sysbios_gates_GateMutex_Object__table__V)
                  200016b4    00000038     empty_min_pem4f.oem4f (.data:ti_sysbios_hal_Hwi_Object__table__V)
                  200016ec    00000034     empty_min_pem4f.oem4f (.data:ti_sysbios_family_arm_m3_Hwi_Module__state__V)
                  20001720    00000030     empty_min_pem4f.oem4f (.data:ti_sysbios_family_arm_lm4_Timer_Module_State_0_device__A)
                  20001750    00000030     empty_min_pem4f.oem4f (.data:ti_sysbios_knl_Swi_Object__table__V)
                  20001780    0000002c     empty_min_pem4f.oem4f (.data:ti_sysbios_knl_Clock_Module__state__V)
                  200017ac    00000024     empty_min_pem4f.oem4f (.data:ti_sysbios_BIOS_Module__state__V)
                  200017d0    0000001c     empty_min_pem4f.oem4f (.data:ti_sysbios_knl_Swi_Module__state__V)
                  200017ec    00000018     empty_min_pem4f.oem4f (.data:ti_sysbios_family_arm_lm4_Timer_Module_State_0_handles__A)
                  20001804    00000018     empty_min_pem4f.oem4f (.data:ti_sysbios_heaps_HeapMem_Object__table__V)
                  2000181c    0000000c     empty_min_pem4f.oem4f (.data:ti_sysbios_family_arm_lm4_Timer_Module__state__V)
                  20001828    0000000c     empty_min_pem4f.oem4f (.data:xdc_runtime_SysMin_Module__state__V)
                  20001834    00000008     rtsv7M4_T_le_v4SPD16_eabi.lib : _lock.c.obj (.data:$O1$$)
                  2000183c    00000008     empty_min_pem4f.oem4f (.data:ti_sysbios_gates_GateHwi_Module__root__V)
                  20001844    00000008     empty_min_pem4f.oem4f (.data:ti_sysbios_gates_GateMutex_Module__root__V)
                  2000184c    00000008     empty_min_pem4f.oem4f (.data:ti_sysbios_heaps_HeapMem_Module__root__V)
                  20001854    00000008     empty_min_pem4f.oem4f (.data:ti_sysbios_knl_Queue_Module__root__V)
                  2000185c    00000008     empty_min_pem4f.oem4f (.data:ti_sysbios_knl_Semaphore_Module__root__V)
                  20001864    00000008     empty_min_pem4f.oem4f (.data:xdc_runtime_Registry_Module__state__V)
                  2000186c    00000008     empty_min_pem4f.oem4f (.data:xdc_runtime_Startup_Module__state__V)
                  20001874    00000008     empty_min_pem4f.oem4f (.data:xdc_runtime_System_Module_State_0_atexitHandlers__A)
                  2000187c    00000008     empty_min_pem4f.oem4f (.data:xdc_runtime_System_Module__state__V)
                  20001884    00000005     uartstdio.obj (.data)
                  20001889    00000001     --HOLE--
                  2000188a    00000002     empty_min_pem4f.oem4f (.data:ti_sysbios_family_arm_m3_Hwi_Module_State_0_excActive__A)
                  2000188c    00000004     empty_min_pem4f.oem4f (.data:ti_sysbios_family_arm_m3_Hwi_Module_State_0_excContext__A)
                  20001890    00000004     empty_min_pem4f.oem4f (.data:ti_sysbios_family_arm_m3_Hwi_Module_State_0_excStack__A)
                  20001894    00000004     empty_min_pem4f.oem4f (.data:ti_sysbios_gates_GateHwi_Object__table__V)
                  20001898    00000004     empty_min_pem4f.oem4f (.data:ti_sysbios_knl_Task_Module_State_0_idleTask__A)
                  2000189c    00000004     empty_min_pem4f.oem4f (.data:xdc_runtime_Memory_Module__state__V)
                  200018a0    00000002     empty_min_pem4f.oem4f (.data:xdc_runtime_Error_Module__state__V)

.stack     0    200018a8    00000300     UNINITIALIZED
                  200018a8    00000300     --HOLE--

.bootVecs 
*          0    00000000    00000008     DSECT
                  00000000    00000008     boot.aem4f : boot.oem4f (.bootVecs)

.vecs      0    20000000    00000360     UNINITIALIZED
                  20000000    00000360     empty_min_pem4f.oem4f (.vecs)

xdc.meta   0    00000000    000000e4     COPY SECTION
                  00000000    000000e4     empty_min_pem4f.oem4f (xdc.meta)

__llvm_prf_cnts 
*          0    20000000    00000000     UNINITIALIZED

MODULE SUMMARY

       Module                       code    ro data   rw data
       ------                       ----    -------   -------
    .\
       empty_min.obj                3256    0         172    
    +--+----------------------------+-------+---------+---------+
       Total:                       3256    0         172    
                                                             
    .\utils\
       uartstdio.obj                976     46        5      
    +--+----------------------------+-------+---------+---------+
       Total:                       976     46        5      
                                                             
    C:\Users\LEHAN TRAN\workspace_M5\tested\Debug\configPkg\package\cfg\
       empty_min_pem4f.oem4f        1446    7542      5820   
    +--+----------------------------+-------+---------+---------+
       Total:                       1446    7542      5820   
                                                             
    C:/ti/ccs1250/tirtos_tivac_2_16_00_08/products/TivaWare_C_Series-2.1.1.71b/driverlib/ccs/Debug/driverlib.lib
       sysctl.obj                   698     108       0      
       gpio.obj                     526     144       0      
       adc.obj                      308     0         0      
       interrupt.obj                120     112       0      
       timer.obj                    208     0         0      
       uart.obj                     172     0         0      
       pwm.obj                      110     0         0      
       cpu.obj                      12      0         0      
    +--+----------------------------+-------+---------+---------+
       Total:                       2154    364       0      
                                                             
    C:\Users\LEHAN TRAN\workspace_M5\tested\src\sysbios\sysbios.aem4f
       BIOS.obj                     7910    0         0      
       m3_Hwi_asm.obj               314     0         0      
       m3_TaskSupport_asm.obj       180     0         0      
       m3_Hwi_asm_switch.obj        118     0         0      
    +--+----------------------------+-------+---------+---------+
       Total:                       8522    0         0      
                                                             
    C:\ti\ccs1250\ccs\tools\compiler\ti-cgt-arm_20.2.7.LTS\lib\rtsv7M4_T_le_v4SPD16_eabi.lib
       fd_add_t2.asm.obj            438     0         0      
       trgmsg.c.obj                 108     0         288    
       fd_cmp_t2.asm.obj            268     0         0      
       fd_mul_t2.asm.obj            252     0         0      
       memcpy_t2.asm.obj            156     0         0      
       memset_t2.asm.obj            122     0         0      
       fd_tos_t2.asm.obj            110     0         0      
       copy_decompress_lzss.c.obj   104     0         0      
       hostwrite.c.obj              88      0         0      
       cpy_tbl.c.obj                76      0         0      
       fd_tou_t2.asm.obj            68      0         0      
       u_divt2.asm.obj              64      0         0      
       fs_tod_t2.asm.obj            56      0         0      
       ull_tofs_t2.asm.obj          54      0         0      
       strncmp.c.obj                44      0         0      
       _lock.c.obj                  26      0         8      
       args_main.c.obj              24      0         0      
       strlen.c.obj                 20      0         0      
       copy_decompress_none.c.obj   14      0         0      
       copy_zero_init.c.obj         12      0         0      
       hostopen.c.obj               0       0         8      
       exit.c.obj                   4       0         0      
       stkdepth_vars.c.obj          0       0         4      
       div0.asm.obj                 2       0         0      
    +--+----------------------------+-------+---------+---------+
       Total:                       2110    0         308    
                                                             
    C:\ti\ccs1250\tirtos_tivac_2_16_00_08\products\bios_6_45_01_29\packages\ti\catalog\arm\cortexm4\tiva\ce\lib\Boot.aem4f
       Boot_sysctl.oem4f            262     0         0      
       Boot.oem4f                   152     0         0      
    +--+----------------------------+-------+---------+---------+
       Total:                       414     0         0      
                                                             
    C:\ti\ccs1250\tirtos_tivac_2_16_00_08\products\bios_6_45_01_29\packages\ti\targets\arm\rtsarm\lib\auto_init.aem4f
       auto_init.oem4f              160     0         0      
    +--+----------------------------+-------+---------+---------+
       Total:                       160     0         0      
                                                             
    C:\ti\ccs1250\tirtos_tivac_2_16_00_08\products\bios_6_45_01_29\packages\ti\targets\arm\rtsarm\lib\boot.aem4f
       boot.oem4f                   88      0         0      
    +--+----------------------------+-------+---------+---------+
       Total:                       88      0         0      
                                                             
    C:\ti\ccs1250\tirtos_tivac_2_16_00_08\products\bios_6_45_01_29\packages\ti\targets\arm\rtsarm\lib\ti.targets.arm.rtsarm.aem4f
       System.oem4f                 1255    0         0      
       Text.oem4f                   672     0         0      
       Error.oem4f                  524     0         0      
       Core-mem.oem4f               358     0         0      
       Startup.oem4f                328     0         0      
       SysMin.oem4f                 248     0         0      
       Core-smem.oem4f              204     0         0      
       Memory.oem4f                 176     0         0      
       Assert.oem4f                 84      0         0      
       Core-params.oem4f            70      0         0      
       Core-label.oem4f             52      0         0      
       Registry.oem4f               32      0         0      
       Gate.oem4f                   28      0         0      
    +--+----------------------------+-------+---------+---------+
       Total:                       4031    0         0      
                                                             
       Stack:                       0       0         768    
       Linker Generated:            0       631       0      
    +--+----------------------------+-------+---------+---------+
       Grand Total:                 23157   8583      7073   


LINKER GENERATED COPY TABLES

__TI_cinit_table @ 00007c68 records: 3, size/record: 8, table size: 24
	.data: load addr=00007a08, load size=00000243 bytes, run addr=200012d0, run size=000005d2 bytes, compression=lzss
	.bss: load addr=00007c58, load size=00000008 bytes, run addr=20000360, run size=00000f70 bytes, compression=zero_init
	.vecs: load addr=00007c60, load size=00000008 bytes, run addr=20000000, run size=00000360 bytes, compression=zero_init


LINKER GENERATED HANDLER TABLE

__TI_handler_table @ 00007c4c records: 3, size/record: 4, table size: 12
	index: 0, handler: __TI_decompress_lzss
	index: 1, handler: __TI_decompress_none
	index: 2, handler: __TI_zero_init


GLOBAL SYMBOLS: SORTED ALPHABETICALLY BY Name 

address   name                                                              
-------   ----                                                              
00005a71  ADCIntClear                                                       
00004e99  ADCIntStatus                                                      
0000561d  ADCProcessorTrigger                                               
000047b1  ADCSequenceConfigure                                              
000053b9  ADCSequenceDataGet                                                
00005991  ADCSequenceEnable                                                 
000034d5  ADCSequenceStepConfigure                                          
200012b0  ADCValues                                                         
000038cd  ADC_Init                                                          
000048ad  ADC_Read                                                          
00001b9d  C$$EXIT                                                           
000049bb  C$$IO$$                                                           
000059dd  CPUcpsie                                                          
00004fa9  GPIODirModeSet                                                    
00001ce9  GPIOPadConfigSet                                                  
0000430d  GPIOPinConfigure                                                  
00001613  GPIOPinRead                                                       
000057f5  GPIOPinTypeADC                                                    
00005807  GPIOPinTypeGPIOInput                                              
00005635  GPIOPinTypeGPIOOutput                                             
00005819  GPIOPinTypePWM                                                    
0000582b  GPIOPinTypeUART                                                   
00004503  GPIOPinWrite                                                      
00003e99  HOSTwrite                                                         
00003935  IntEnable                                                         
0000589d  IntMasterEnable                                                   
00007678  PIDSemaphore                                                      
00007680  PID_Task                                                          
00000ff1  PID_Task_Function                                                 
20001260  PING                                                              
20001288  PONG                                                              
000051e9  PWMGenConfigure                                                   
000059e9  PWMGenEnable                                                      
000058ad  PWMGenPeriodSet                                                   
0000583d  PWMOutputState                                                    
000053d7  PWMPulseWidthSet                                                  
00001f31  PWM_Init                                                          
0000768c  PingSemaphore                                                     
00007690  Ping_Task                                                         
00003a6d  Ping_Task_Function                                                
00007694  PongSemaphore                                                     
00007698  Pong_Task                                                         
00002149  Pong_Task_Function                                                
UNDEFED   SHT$$INIT_ARRAY$$Base                                             
UNDEFED   SHT$$INIT_ARRAY$$Limit                                            
0000203d  SysCtlClockGet                                                    
00002939  SysCtlClockSet                                                    
0000472b  SysCtlDelay                                                       
00005755  SysCtlPWMClockSet                                                 
00004b19  SysCtlPeripheralEnable                                            
000048e5  SysCtlPeripheralPresent                                           
0000491d  SysCtlPeripheralReady                                             
00007684  Timer1A                                                           
00000ac9  Timer1A_ISR                                                       
00007688  Timer2A                                                           
00005415  Timer2A_ISR                                                       
0000767c  Timer3A                                                           
00005431  Timer3A_ISR                                                       
00003c05  TimerConfigure                                                    
00005769  TimerDisable                                                      
0000599f  TimerEnable                                                       
00001265  TimerIntClear                                                     
00005ab7  TimerIntEnable                                                    
0000584f  TimerLoadSet                                                      
00005abf  TimerLoadSet64                                                    
00005861  TimerPrescaleSet                                                  
00005729  TimerValueGet64                                                   
000018f5  UART1_ISR                                                         
00007674  UART1_Interrupt                                                   
00005a7b  UARTCharGet                                                       
00005a85  UARTCharPut                                                       
000046a9  UARTConfigSetExpClk                                               
0000544d  UARTDisable                                                       
0000577d  UARTEnable                                                        
00005a8f  UARTFIFOEnable                                                    
0000520b  UARTFIFOLevelSet                                                  
0000178d  UARTIntClear                                                      
00005ac7  UARTIntEnable                                                     
00005a99  UARTIntStatus                                                     
00003f49  UARTStdioConfig                                                   
00005075  UARTprintf                                                        
000007bd  UARTvprintf                                                       
00004139  UARTwrite                                                         
0000769c  WTimer1B                                                          
00004955  WTimer1B_ISR                                                      
000076a0  WTimer2B                                                          
00005255  WTimer2B_ISR                                                      
000076a4  WTimer3B                                                          
00005275  WTimer3B_ISR                                                      
00000000  __ASM__                                                           
200010c0  __CIOBUF_                                                         
00000062  __ISA__                                                           
00000075  __PLAT__                                                          
20001ba8  __STACK_END                                                       
00000300  __STACK_SIZE                                                      
00000096  __TARG__                                                          
00007c68  __TI_CINIT_Base                                                   
00007c80  __TI_CINIT_Limit                                                  
00007c4c  __TI_Handler_Table_Base                                           
00007c58  __TI_Handler_Table_Limit                                          
00002df5  __TI_auto_init                                                    
0000399d  __TI_decompress_lzss                                              
000059ad  __TI_decompress_none                                              
ffffffff  __TI_pprof_out_hndl                                               
ffffffff  __TI_prof_data_size                                               
ffffffff  __TI_prof_data_start                                              
00004b4d  __TI_readmsg                                                      
00007a08  __TI_static_base__                                                
0000498d  __TI_writemsg                                                     
00005a0d  __TI_zero_init                                                    
000000bc  __TRDR__                                                          
000032c1  __aeabi_cdcmpeq                                                   
000032c1  __aeabi_cdcmple                                                   
00003347  __aeabi_cdrcmple                                                  
000036a9  __aeabi_d2f                                                       
000044bf  __aeabi_d2uiz                                                     
00001467  __aeabi_dadd                                                      
00002559  __aeabi_dmul                                                      
0000145d  __aeabi_dsub                                                      
000049c5  __aeabi_f2d                                                       
00003717  __aeabi_idiv0                                                     
00003717  __aeabi_ldiv0                                                     
0000354f  __aeabi_memclr                                                    
0000354f  __aeabi_memclr4                                                   
0000354f  __aeabi_memclr8                                                   
00002f35  __aeabi_memcpy                                                    
00002f35  __aeabi_memcpy4                                                   
00002f35  __aeabi_memcpy8                                                   
00003551  __aeabi_memset                                                    
00003551  __aeabi_memset4                                                   
00003551  __aeabi_memset8                                                   
000046eb  __aeabi_uidiv                                                     
000046eb  __aeabi_uidivmod                                                  
00004ae1  __aeabi_ul2f                                                      
ffffffff  __binit__                                                         
ffffffff  __c_args__                                                        
200018a8  __stack                                                           
20000000  __start___llvm_prf_cnts                                           
20000000  __stop___llvm_prf_cnts                                            
0000564d  _args_main                                                        
00003e41  _c_int00                                                          
20001834  _lock                                                             
0000306b  _nop                                                              
000059f5  _register_lock                                                    
00005a01  _register_unlock                                                  
20001838  _unlock                                                           
00001b9d  abort                                                             
ffffffff  binit                                                             
200015a8  blackFlag                                                         
20001580  bufferCount                                                       
00004185  copy_in                                                           
200012c8  currentBuffer                                                     
200015b4  currentDistance                                                   
200015b8  currentFrontDistance                                              
2000157c  currentIndex                                                      
200015a0  end                                                               
20001584  integralPrev                                                      
2000158c  leftSpeed                                                         
00000d79  main                                                              
20001574  main_func_sp                                                      
00002f35  memcpy                                                            
00003557  memset                                                            
2000157d  motorstate                                                        
200012cc  myCommand                                                         
200012c0  parmbuf                                                           
20001588  prevError                                                         
20001578  pwmMax                                                            
20001590  rightSpeed                                                        
20001598  start                                                             
00005791  strlen                                                            
00004ec7  strncmp                                                           
200015b0  tapeFound                                                         
000078d8  ti_catalog_arm_cortexm4_tiva_ce_Boot_A_mustUseEnhancedClockMode__C
000078dc  ti_catalog_arm_cortexm4_tiva_ce_Boot_Module__diagsEnabled__C      
000078e0  ti_catalog_arm_cortexm4_tiva_ce_Boot_Module__diagsIncluded__C     
000078e4  ti_catalog_arm_cortexm4_tiva_ce_Boot_Module__diagsMask__C         
000074be  ti_catalog_arm_cortexm4_tiva_ce_Boot_Module__id__C                
000059d1  ti_catalog_arm_cortexm4_tiva_ce_Boot_init__I                      
00002359  ti_catalog_arm_cortexm4_tiva_ce_Boot_sysCtlClockSetI__I           
0000306d  ti_catalog_arm_cortexm4_tiva_ce_Boot_sysCtlClockSet__E            
00005873  ti_catalog_arm_cortexm4_tiva_ce_Boot_sysCtlDelayI__I              
200017ac  ti_sysbios_BIOS_Module__state__V                                  
00005581  ti_sysbios_BIOS_RtsGateProxy_Handle__label__S                     
00005129  ti_sysbios_BIOS_RtsGateProxy_Object__delete__S                    
00002c85  ti_sysbios_BIOS_RtsGateProxy_enter__E                             
00002d45  ti_sysbios_BIOS_RtsGateProxy_leave__E                             
00005b19  ti_sysbios_BIOS_RtsGateProxy_query__E                             
00004c55  ti_sysbios_BIOS_atExitFunc__I                                     
00005099  ti_sysbios_BIOS_errorRaiseHook__I                                 
0000573f  ti_sysbios_BIOS_exitFunc__I                                       
00003787  ti_sysbios_BIOS_nullFunc__I                                       
000050bd  ti_sysbios_BIOS_registerRTSLock__I                                
000050e1  ti_sysbios_BIOS_removeRTSLock__I                                  
00005295  ti_sysbios_BIOS_rtsLock__I                                        
00005665  ti_sysbios_BIOS_rtsUnlock__I                                      
000058c1  ti_sysbios_BIOS_setThreadType__E                                  
00005105  ti_sysbios_BIOS_startFunc__I                                      
000058d1  ti_sysbios_BIOS_start__E                                          
20001720  ti_sysbios_family_arm_lm4_Timer_Module_State_0_device__A          
[...]
00005941  xdc_runtime_Gate_leaveSystem__E                                   
00005951  xdc_runtime_Memory_free__E                                        
00005961  xdc_runtime_SysMin_ready__E                                       
00005961  xdc_runtime_System_SupportProxy_ready__E                          
00005971  xdc_runtime_System_vsnprintf__E                                   
00005981  xdc_runtime_Text_visitRope__I                                     
00005991  ADCSequenceEnable                                                 
0000599f  TimerEnable                                                       
000059ad  __TI_decompress_none                                              
000059bb  xdc_runtime_System_Module_startup__E                              
000059c1  ti_sysbios_knl_Queue_empty__E                                     
000059d1  ti_catalog_arm_cortexm4_tiva_ce_Boot_init__I                      
000059dd  CPUcpsie                                                          
000059e9  PWMGenEnable                                                      
000059f5  _register_lock                                                    
00005a01  _register_unlock                                                  
00005a0d  __TI_zero_init                                                    
00005a19  ti_sysbios_family_arm_lm4_Timer_getMaxTicks__E                    
00005a29  ti_sysbios_gates_GateHwi_enter__E                                 
00005a35  ti_sysbios_knl_Queue_Object__get__S                               
00005a41  xdc_runtime_Error_init__E                                         
00005a4d  xdc_runtime_Gate_enterSystem__E                                   
00005a59  xdc_runtime_Memory_calloc__E                                      
00005a65  xdc_runtime_Memory_getMaxDefaultTypeAlign__E                      
00005a71  ADCIntClear                                                       
00005a7b  UARTCharGet                                                       
00005a85  UARTCharPut                                                       
00005a8f  UARTFIFOEnable                                                    
00005a99  UARTIntStatus                                                     
00005aa3  xdc_runtime_Memory_HeapProxy_alloc__E                             
00005aad  xdc_runtime_Memory_HeapProxy_free__E                              
00005ab7  TimerIntEnable                                                    
00005abf  TimerLoadSet64                                                    
00005ac7  UARTIntEnable                                                     
00005acf  ti_sysbios_family_arm_lm4_Timer_masterDisable__I                  
00005ad9  ti_sysbios_family_arm_m3_Hwi_doSwiRestore__I                      
00005ae1  ti_sysbios_family_arm_m3_Hwi_startup__E                           
00005ae1  ti_sysbios_hal_Hwi_HwiProxy_startup__E                            
00005ae1  ti_sysbios_hal_Hwi_startup__E                                     
00005ae9  ti_sysbios_family_arm_m3_Hwi_doTaskRestore__I                     
00005af1  ti_sysbios_gates_GateHwi_leave__E                                 
00005af9  ti_sysbios_heaps_HeapMem_isBlocking__E                            
00005b01  ti_sysbios_knl_Queue_Instance_init__E                             
00005b09  ti_sysbios_knl_Swi_startup__E                                     
00005b11  ti_sysbios_gates_GateHwi_query__E                                 
00005b11  xdc_runtime_Main_Module_GateProxy_query__E                        
00005b11  xdc_runtime_System_Module_GateProxy_query__E                      
00005b19  ti_sysbios_BIOS_RtsGateProxy_query__E                             
00005b19  ti_sysbios_gates_GateMutex_query__E                               
00005b19  ti_sysbios_heaps_HeapMem_Module_GateProxy_query__E                
00005b21  ti_sysbios_knl_Task_startup__E                                    
00005b29  ti_sysbios_gates_GateHwi_Instance_init__E                         
00005b31  ti_sysbios_knl_Clock_logTick__E                                   
00005b34  xdc_runtime_Text_charTab__A                                       
00007401  xdc_runtime_Error_policy__C                                       
00007402  xdc_runtime_Text_nodeTab__A                                       
000074be  ti_catalog_arm_cortexm4_tiva_ce_Boot_Module__id__C                
00007674  UART1_Interrupt                                                   
00007678  PIDSemaphore                                                      
0000767c  Timer3A                                                           
00007680  PID_Task                                                          
00007684  Timer1A                                                           
00007688  Timer2A                                                           
0000768c  PingSemaphore                                                     
00007690  Ping_Task                                                         
00007694  PongSemaphore                                                     
00007698  Pong_Task                                                         
0000769c  WTimer1B                                                          
000076a0  WTimer2B                                                          
000076a4  WTimer3B                                                          
000076a8  ti_sysbios_heaps_HeapMem_Module__FXNS__C                          
000076d0  ti_sysbios_gates_GateHwi_Module__FXNS__C                          
000076f4  ti_sysbios_gates_GateMutex_Module__FXNS__C                        
00007718  ti_sysbios_heaps_HeapMem_Object__PARAMS__C                        
0000773c  ti_sysbios_knl_Semaphore_Object__PARAMS__C                        
00007760  ti_sysbios_gates_GateHwi_Object__DESC__C                          
00007780  ti_sysbios_gates_GateMutex_Object__DESC__C                        
000077a0  ti_sysbios_heaps_HeapMem_Object__DESC__C                          
000077c0  ti_sysbios_knl_Queue_Object__DESC__C                              
000077e0  ti_sysbios_knl_Semaphore_Object__DESC__C                          
00007800  xdc_runtime_Startup_sfxnTab__A                                    
00007820  ti_sysbios_gates_GateHwi_Object__PARAMS__C                        
00007838  ti_sysbios_gates_GateMutex_Object__PARAMS__C                      
00007850  ti_sysbios_knl_Queue_Object__PARAMS__C                            
00007868  xdc_runtime_Startup_firstFxns__A                                  
0000788e  xdc_runtime_Startup_sfxnRts__A                                    
0000789e  ti_sysbios_family_arm_m3_Hwi_Module__id__C                        
000078b8  ti_sysbios_family_arm_m3_Hwi_excHookFuncs__A                      
000078c0  ti_sysbios_knl_Idle_funcList__C                                   
000078c8  xdc_runtime_Startup_firstFxns__C                                  
000078d0  xdc_runtime_Startup_lastFxns__C                                   
000078d8  ti_catalog_arm_cortexm4_tiva_ce_Boot_A_mustUseEnhancedClockMode__C
000078dc  ti_catalog_arm_cortexm4_tiva_ce_Boot_Module__diagsEnabled__C      
000078e0  ti_catalog_arm_cortexm4_tiva_ce_Boot_Module__diagsIncluded__C     
000078e4  ti_catalog_arm_cortexm4_tiva_ce_Boot_Module__diagsMask__C         
000078e8  ti_sysbios_family_arm_lm4_Timer_enableFunc__C                     
000078ec  ti_sysbios_family_arm_lm4_Timer_numTimerDevices__C                
000078f0  ti_sysbios_family_arm_lm4_Timer_startupNeeded__C                  
000078f4  ti_sysbios_family_arm_m3_Hwi_E_NMI__C                             
000078f8  ti_sysbios_family_arm_m3_Hwi_E_busFault__C                        
000078fc  ti_sysbios_family_arm_m3_Hwi_E_debugMon__C                        
00007900  ti_sysbios_family_arm_m3_Hwi_E_hardFault__C                       
00007904  ti_sysbios_family_arm_m3_Hwi_E_memFault__C                        
00007908  ti_sysbios_family_arm_m3_Hwi_E_noIsr__C                           
0000790c  ti_sysbios_family_arm_m3_Hwi_E_reserved__C                        
00007910  ti_sysbios_family_arm_m3_Hwi_E_svCall__C                          
00007914  ti_sysbios_family_arm_m3_Hwi_E_usageFault__C                      
00007918  ti_sysbios_family_arm_m3_Hwi_NUM_INTERRUPTS__C                    
0000791c  ti_sysbios_family_arm_m3_Hwi_Object__count__C                     
00007920  ti_sysbios_family_arm_m3_Hwi_ccr__C                               
00007924  ti_sysbios_family_arm_m3_Hwi_excHandlerFunc__C                    
00007928  ti_sysbios_family_arm_m3_Hwi_excHookFuncs__C                      
0000792c  ti_sysbios_family_arm_m3_Hwi_nullIsrFunc__C                       
00007930  ti_sysbios_family_arm_m3_Hwi_priGroup__C                          
00007934  ti_sysbios_gates_GateMutex_Instance_State_sem__O                  
00007938  ti_sysbios_heaps_HeapMem_E_memory__C                              
0000793c  ti_sysbios_heaps_HeapMem_Module__gateObj__C                       
00007940  ti_sysbios_heaps_HeapMem_Object__count__C                         
00007944  ti_sysbios_heaps_HeapMem_reqAlign__C                              
00007948  ti_sysbios_knl_Clock_Module_State_clockQ__O                       
0000794c  ti_sysbios_knl_Semaphore_Instance_State_pendQ__O                  
00007950  ti_sysbios_knl_Swi_Object__count__C                               
00007954  ti_sysbios_knl_Task_Module_State_inactiveQ__O                     
00007958  ti_sysbios_knl_Task_Object__count__C                              
0000795c  ti_sysbios_knl_Task_allBlockedFunc__C                             
00007960  ti_sysbios_knl_Task_numConstructedTasks__C                        
00007968  xdc_runtime_Assert_E_assertFailed__C                              
0000796c  xdc_runtime_Core_A_initializedParams__C                           
00007970  xdc_runtime_Core_Module__diagsEnabled__C                          
00007974  xdc_runtime_Core_Module__diagsIncluded__C                         
00007978  xdc_runtime_Core_Module__diagsMask__C                             
0000797c  xdc_runtime_Error_E_memory__C                                     
00007980  xdc_runtime_Error_Module__diagsEnabled__C                         
00007984  xdc_runtime_Error_Module__diagsIncluded__C                        
00007988  xdc_runtime_Error_Module__diagsMask__C                            
0000798c  xdc_runtime_Error_Module__loggerFxn8__C                           
00007990  xdc_runtime_Error_Module__loggerObj__C                            
00007994  xdc_runtime_Error_policyFxn__C                                    
00007998  xdc_runtime_Error_raiseHook__C                                    
0000799c  xdc_runtime_IGateProvider_Interface__BASE__C                      
000079a0  xdc_runtime_IHeap_Interface__BASE__C                              
000079a4  xdc_runtime_IModule_Interface__BASE__C                            
000079a8  xdc_runtime_Log_L_error__C                                        
000079ac  xdc_runtime_Memory_defaultHeapInstance__C                         
000079b0  xdc_runtime_Startup_execImpl__C                                   
000079b4  xdc_runtime_Startup_maxPasses__C                                  
000079b8  xdc_runtime_Startup_sfxnRts__C                                    
000079bc  xdc_runtime_Startup_sfxnTab__C                                    
000079c0  xdc_runtime_SysMin_bufSize__C                                     
000079c4  xdc_runtime_SysMin_outputFunc__C                                  
000079c8  xdc_runtime_System_Module__gateObj__C                             
000079cc  xdc_runtime_System_abortFxn__C                                    
000079d0  xdc_runtime_System_exitFxn__C                                     
000079d4  xdc_runtime_System_extendFxn__C                                   
000079d8  xdc_runtime_System_maxAtexitHandlers__C                           
000079dc  xdc_runtime_Text_charTab__C                                       
000079e0  xdc_runtime_Text_nameEmpty__C                                     
000079e4  xdc_runtime_Text_nameStatic__C                                    
000079e8  xdc_runtime_Text_nameUnknown__C                                   
000079ec  xdc_runtime_Text_nodeTab__C                                       
000079f0  xdc_runtime_Text_visitRopeFxn__C                                  
000079f4  ti_sysbios_heaps_HeapMem_Module__id__C                            
000079f6  xdc_runtime_Core_Module__id__C                                    
000079f8  xdc_runtime_Error_Module__loggerDefined__C                        
000079fa  xdc_runtime_Error_maxDepth__C                                     
000079fc  xdc_runtime_Memory_Module__id__C                                  
000079fe  xdc_runtime_SysMin_flushAtExit__C                                 
00007a00  xdc_runtime_Text_charCnt__C                                       
00007a02  xdc_runtime_Text_isLoaded__C                                      
00007a04  xdc_runtime_Text_registryModsLastId__C                            
00007a06  xdc_runtime_Text_unnamedModsLastId__C                             
00007a08  __TI_static_base__                                                
00007c4c  __TI_Handler_Table_Base                                           
00007c58  __TI_Handler_Table_Limit                                          
00007c68  __TI_CINIT_Base                                                   
00007c80  __TI_CINIT_Limit                                                  
20000000  __start___llvm_prf_cnts                                           
20000000  __stop___llvm_prf_cnts                                            
20000000  ti_sysbios_family_arm_m3_Hwi_ramVectors                           
20000360  ti_sysbios_knl_Task_Instance_State_0_stack__A                     
20000560  ti_sysbios_knl_Task_Instance_State_1_stack__A                     
20000760  ti_sysbios_knl_Task_Instance_State_2_stack__A                     
20000960  ti_sysbios_heaps_HeapMem_Instance_State_0_buf__A                  
20000d60  ti_sysbios_family_arm_m3_Hwi_dispatchTable                        
200010c0  __CIOBUF_                                                         
200011e0  xdc_runtime_SysMin_Module_State_0_outbuf__A                       
20001260  PING                                                              
20001288  PONG                                                              
200012b0  ADCValues                                                         
200012c0  parmbuf                                                           
200012c8  currentBuffer                                                     
200012cc  myCommand                                                         
200012d0  ti_sysbios_knl_Task_Object__table__V                              
200013b4  ti_sysbios_family_arm_m3_Hwi_Object__table__V                     
20001474  ti_sysbios_knl_Swi_Module_State_0_readyQ__A                       
200014f4  ti_sysbios_knl_Task_Module_State_0_readyQ__A                      
20001574  main_func_sp                                                      
20001578  pwmMax                                                            
2000157c  currentIndex                                                      
2000157d  motorstate                                                        
20001580  bufferCount                                                       
20001584  integralPrev                                                      
20001588  prevError                                                         
2000158c  leftSpeed                                                         
20001590  rightSpeed                                                        
20001598  start                                                             
200015a0  end                                                               
200015a8  blackFlag                                                         
200015ac  timeCount                                                         
200015b0  tapeFound                                                         
200015b4  currentDistance                                                   
200015b8  currentFrontDistance                                              
200015bc  ti_sysbios_knl_Task_Module__state__V                              
20001600  ti_sysbios_family_arm_lm4_Timer_Object__table__V                  
20001640  ti_sysbios_knl_Semaphore_Object__table__V                         
2000167c  ti_sysbios_gates_GateMutex_Object__table__V                       
200016b4  ti_sysbios_hal_Hwi_Object__table__V                               
200016ec  ti_sysbios_family_arm_m3_Hwi_Module__state__V                     
20001720  ti_sysbios_family_arm_lm4_Timer_Module_State_0_device__A          
20001750  ti_sysbios_knl_Swi_Object__table__V                               
20001780  ti_sysbios_knl_Clock_Module__state__V                             
200017ac  ti_sysbios_BIOS_Module__state__V                                  
200017d0  ti_sysbios_knl_Swi_Module__state__V                               
200017ec  ti_sysbios_family_arm_lm4_Timer_Module_State_0_handles__A         
20001804  ti_sysbios_heaps_HeapMem_Object__table__V                         
2000181c  ti_sysbios_family_arm_lm4_Timer_Module__state__V                  
20001828  xdc_runtime_SysMin_Module__state__V                               
20001834  _lock                                                             
20001838  _unlock                                                           
2000183c  ti_sysbios_gates_GateHwi_Module__root__V                          
20001844  ti_sysbios_gates_GateMutex_Module__root__V                        
2000184c  ti_sysbios_heaps_HeapMem_Module__root__V                          
20001854  ti_sysbios_knl_Queue_Module__root__V                              
2000185c  ti_sysbios_knl_Semaphore_Module__root__V                          
20001864  xdc_runtime_Registry_Module__state__V                             
2000186c  xdc_runtime_Startup_Module__state__V                              
20001874  xdc_runtime_System_Module_State_0_atexitHandlers__A               
2000187c  xdc_runtime_System_Module__state__V                               
2000188a  ti_sysbios_family_arm_m3_Hwi_Module_State_0_excActive__A          
2000188c  ti_sysbios_family_arm_m3_Hwi_Module_State_0_excContext__A         
20001890  ti_sysbios_family_arm_m3_Hwi_Module_State_0_excStack__A           
20001894  ti_sysbios_gates_GateHwi_Object__table__V                         
20001898  ti_sysbios_knl_Task_Module_State_0_idleTask__A                    
2000189c  xdc_runtime_Memory_Module__state__V                               
200018a0  xdc_runtime_Error_Module__state__V                                
200018a8  __stack                                                           
20001ba8  __STACK_END                                                       
e000e000  ti_sysbios_family_arm_m3_Hwi_nvic                                 
ffffffff  __TI_pprof_out_hndl                                               
ffffffff  __TI_prof_data_size                                               
ffffffff  __TI_prof_data_start                                              
ffffffff  __binit__                                                         
ffffffff  __c_args__                                                        
ffffffff  binit                                                             
UNDEFED   SHT$$INIT_ARRAY$$Base                                             
UNDEFED   SHT$$INIT_ARRAY$$Limit                                            

[570 symbols]
